{
  ExecutionResult: {
    data: {
      withAttachment: {
        argument: 'argumentValue'
      }
    }
  },
  Attachments: {
    HasPendingAttachments: true,
    Inner: {
      key: {
        BytesInstance: 'SW5jb21pbmc='
      }
    }
  }
}