{
  ExecutionResult: {
    data: {
      withAttachment: {
        argument: 'argumentValue'
      }
    }
  },
  Attachments: {
    HasPendingAttachments: true,
    Inner: {
      key: {
        Headers: null,
        Value: 'Incoming'
      }
    }
  }
}