{
  ResultStream: {
  "data": {
    "noAttachment": {
      "argument": "argumentValue"
    }
  }
},
  Attachments: {}
}